[vaniki.com/landing846d.html]
[backblue.gif]
[fade.gif]
[index.html]
[vaniki.com/assets/33d8619d/css/bootstrap.min.css]
[vaniki.com/assets/d86014f7/angular-toastr/dist/angular-toastr.min.css]
[vaniki.com/libs/landing-builder/normalize.css]
[vaniki.com/libs/landing-builder/postcodeanywhere.css]
[vaniki.com/assets/33d8619d/js/bootstrap.min.js]
[vaniki.com/assets/e4ae8b57/jquery.min.js]
[vaniki.com/assets/d86014f7/angular-animate/angular-animate.min.js]
[vaniki.com/assets/d86014f7/angular-ui-router/release/angular-ui-router.min.js]
[vaniki.com/assets/d86014f7/angular-resource/angular-resource.min.js]
[vaniki.com/assets/d86014f7/textAngular/dist/textAngular-sanitize.min.js]
[vaniki.com/assets/d86014f7/angular-toastr/dist/angular-toastr.tpls.min.js]
[vaniki.com/libs/landing-builder/landing-page.js]
[vaniki.com/libs/landing-builder/directive/page-preview-directive/page-preview-directive.js]
[vaniki.com/libs/landing-builder/directive/input-preview-directive/input-preview-directive.js]
[vaniki.com/libs/landing-builder/service/all-services.js]
[vaniki.com/libs/landing-builder/directive/inputs-custom-directives/dob-preview-directive/dob-preview-directive.js]
[vaniki.com/assets/949f87c8/angular.min.js]
[vaniki.com/libs/landing-builder/directive/inputs-custom-directives/dob-us-preview-directive/dob-us-preview-directive.js]
[vaniki.com/assets/d86014f7/lodash/dist/lodash.min.js]
[vaniki.com/libs/landing-builder/directive/inputs-custom-directives/address-preview-directive/address-preview-directive.js]
[vaniki.com/libs/landing-builder/directive/inputs-custom-directives/postcode-preview-directive/postcode-preview-directive.js]
[vaniki.com/libs/landing-builder/directive/inputs-custom-directives/policy-preview-directive/policy-preview-directive.js]
[vaniki.com/libs/landing-builder/directive/page-form-directive/page-form.js]
[vaniki.com/libs/landing-builder/directive/custom-validation-directive.js]
[vaniki.com/libs/landing-builder/directive/custom-page-preview-directive.js]
[vaniki.com/landing846d.html]
[vaniki.com/assets/e4ae8b57/jquery.js]
[vaniki.com/assets/33d8619d/fonts/glyphicons-halflings-regular.woff]
[vaniki.com/libs/landing-builder/postcodeanywhere.js]
[vaniki.com/assets/33d8619d/fonts/glyphicons-halflings-regular.ttf]
[vaniki.com/assets/33d8619d/fonts/glyphicons-halflings-regular.eot]
[vaniki.com/assets/33d8619d/fonts/glyphicons-halflings-regular.svg]
[vaniki.com/assets/33d8619d/css/bootstrap.min.css]
[vaniki.com/assets/d86014f7/angular-toastr/dist/angular-toastr.min.css]
[vaniki.com/libs/landing-builder/normalize.css]
[services.postcodeanywhere.co.uk/images/flags16x16.png]
[vaniki.com/assets/33d8619d/fonts/glyphicons-halflings-regulard41d.eot]
[services.postcodeanywhere.co.uk/images/icons/captureplus/chevron.png]
[services.postcodeanywhere.co.uk/images/icons/captureplus/pca_predict_logo.png]
[vaniki.com/libs/landing-builder/postcodeanywhere.css]
[www.googletagmanager.com/gtm5445.html]
[vaniki.com/assets/33d8619d/fonts/glyphicons-halflings-regular.html]
[vaniki.com/assets/33d8619d/fonts/glyphicons-halflings-regular.svg]
